ariqa@Abyannoor MINGW64 /d/Git_Workshop (master)
$ git reset --mixed 460106d

ariqa@Abyannoor MINGW64 /d/Git_Workshop (master)
$ git satus
git: 'satus' is not a git command. See 'git --help'.

The most similar command is
        status

ariqa@Abyannoor MINGW64 /d/Git_Workshop (master)
$ git status
On branch master
Untracked files:
  (use "git add <file>..." to include in what will be committed)
        git_log_20221118.txt
        git_log_oneline.txt
        git_reset_softmode.txt
        log_oneline_graph.txt

nothing added to commit but untracked files present (use "git add" to track)




ariqa@Abyannoor MINGW64 /d/Git_Workshop (master)
$ git log --oneline
460106d (HEAD -> master) Menghapus_File.txt
20ae3d7 Membatalkan_Perubahan.txt
769cd29 mengubah_file.txt
67bc5c9 .
4e2c4d4 adding_file.txt
aa27619 git_log.txt
dbe42ab .
a67cff3 .
5adc566 notes_git.pdf
52c7a51 file_1.txt
c7370f5 file_2.txt
983f68b file_3.txt
b381edb file_2.txt
2429e19 file_1.txt

ariqa@Abyannoor MINGW64 /d/Git_Workshop (master)
$ git reset --mixed b6cef5c

ariqa@Abyannoor MINGW64 /d/Git_Workshop (master)
$ git status
On branch master
Untracked files:
  (use "git add <file>..." to include in what will be committed)
        git_reset_mixedmode.txt

nothing added to commit but untracked files present (use "git add" to track)

ariqa@Abyannoor MINGW64 /d/Git_Workshop (master)
$ git log --oneline
b6cef5c (HEAD -> master) Reset_Commit.txt
3e1ef67 log_oneline.txt
460106d Menghapus_File.txt
20ae3d7 Membatalkan_Perubahan.txt
769cd29 mengubah_file.txt
67bc5c9 .
4e2c4d4 adding_file.txt
aa27619 git_log.txt
dbe42ab .
a67cff3 .
5adc566 notes_git.pdf
52c7a51 file_1.txt
c7370f5 file_2.txt
983f68b file_3.txt
b381edb file_2.txt
2429e19 file_1.txt
