ariqa@Abyannoor MINGW64 /d/Git_Workshop (master)
$ git status
On branch master
Untracked files:
  (use "git add <file>..." to include in what will be committed)
        Tugas.txt

nothing added to commit but untracked files present (use "git add" to track)

ariqa@Abyannoor MINGW64 /d/Git_Workshop (master)
$ git add .

ariqa@Abyannoor MINGW64 /d/Git_Workshop (master)
$ git commit -m "Tugas_commit_amend.txt"
[master 49b7b5e] Tugas_commit_amend.txt
 1 file changed, 5 insertions(+)
 create mode 100644 Tugas.txt

ariqa@Abyannoor MINGW64 /d/Git_Workshop (master)
$ git log  --oneline
49b7b5e (HEAD -> master) Tugas_commit_amend.txt
43e4c07 git_reset_hard
b6cef5c Reset_Commit.txt
3e1ef67 log_oneline.txt
460106d Menghapus_File.txt
20ae3d7 Membatalkan_Perubahan.txt
769cd29 mengubah_file.txt
67bc5c9 .
4e2c4d4 adding_file.txt
aa27619 git_log.txt
dbe42ab .
a67cff3 .
5adc566 notes_git.pdf
52c7a51 file_1.txt
c7370f5 file_2.txt
983f68b file_3.txt
b381edb file_2.txt
2429e19 file_1.txt

ariqa@Abyannoor MINGW64 /d/Git_Workshop (master)
$ vi Tugas.txt

ariqa@Abyannoor MINGW64 /d/Git_Workshop (master)
$ cat Tugas.txt
1. Tambah file.txt
2. commit file.txt ke repository
3. ubah file3.txt
commit dengan amend ke repositorty:
git commit --amend

perubahan pada file Tugas.txt

ariqa@Abyannoor MINGW64 /d/Git_Workshop (master)
$ git status
On branch master
Changes not staged for commit:
  (use "git add <file>..." to update what will be committed)
  (use "git restore <file>..." to discard changes in working directory)
        modified:   Tugas.txt

no changes added to commit (use "git add" and/or "git commit -a")

ariqa@Abyannoor MINGW64 /d/Git_Workshop (master)
$ git commit --amend
hint: Waiting for your editor to close the file...
[master fd31f71] Tugas_commit_amend.txt
 Date: Sat Nov 19 08:28:53 2022 +0700
 1 file changed, 5 insertions(+)
 create mode 100644 Tugas.txt

ariqa@Abyannoor MINGW64 /d/Git_Workshop (master)
$ git log --oneline
fd31f71 (HEAD -> master) Tugas_commit_amend.txt
43e4c07 git_reset_hard
b6cef5c Reset_Commit.txt
3e1ef67 log_oneline.txt
460106d Menghapus_File.txt
20ae3d7 Membatalkan_Perubahan.txt
769cd29 mengubah_file.txt
67bc5c9 .
4e2c4d4 adding_file.txt
aa27619 git_log.txt
dbe42ab .
a67cff3 .
5adc566 notes_git.pdf
52c7a51 file_1.txt
c7370f5 file_2.txt
983f68b file_3.txt
b381edb file_2.txt
2429e19 file_1.txt