ariqa@Abyannoor MINGW64 /d/Git_Workshop (master)
$ git log --oneline
8a1b6fa (HEAD -> master) Tugas_done
fd31f71 Tugas_commit_amend.txt
43e4c07 git_reset_hard
b6cef5c Reset_Commit.txt
3e1ef67 log_oneline.txt
460106d Menghapus_File.txt
20ae3d7 Membatalkan_Perubahan.txt
769cd29 mengubah_file.txt
67bc5c9 .
4e2c4d4 adding_file.txt
aa27619 git_log.txt
dbe42ab .
a67cff3 .
5adc566 notes_git.pdf
52c7a51 file_1.txt
c7370f5 file_2.txt
983f68b file_3.txt
b381edb file_2.txt
2429e19 file_1.txt

ariqa@Abyannoor MINGW64 /d/Git_Workshop (master)
$ git checkout c7370f5 -- file_1.txt

ariqa@Abyannoor MINGW64 /d/Git_Workshop (master)
$ git status
On branch master
Changes to be committed:
  (use "git restore --staged <file>..." to unstage)
        modified:   file_1.txt


ariqa@Abyannoor MINGW64 /d/Git_Workshop (master)
$ git restore --staged file_1.txt

ariqa@Abyannoor MINGW64 /d/Git_Workshop (master)
$ git restore file_1.txt

ariqa@Abyannoor MINGW64 /d/Git_Workshop (master)
$ git status
On branch master
nothing to commit, working tree clean
